
> matcha-restaurant@0.1.0 build
> next build

   Γû▓ Next.js 14.0.0

   Creating an optimized production build ...
 Γ£ô Compiled successfully
   Linting and checking validity of types ...

./app/admin/page.tsx
74:6  Warning: React Hook useEffect has a missing dependency: 'refreshAllSafe'. Either include it or remove the dependency array.  react-hooks/exhaustive-deps
177:6  Warning: React Hook useEffect has a missing dependency: 'fetchAnalytics'. Either include it or remove the dependency array.  react-hooks/exhaustive-deps
380:35  Warning: Using `<img>` could result in slower LCP and higher bandwidth. Consider using `<Image />` from `next/image` to automatically optimize images. This may incur additional usage or cost from your provider. See: https://nextjs.org/docs/messages/no-img-element  @next/next/no-img-element
380:35  Warning: img elements must have an alt prop, either with meaningful text, or an empty string for decorative images.  jsx-a11y/alt-text
422:41  Warning: Using `<img>` could result in slower LCP and higher bandwidth. Consider using `<Image />` from `next/image` to automatically optimize images. This may incur additional usage or cost from your provider. See: https://nextjs.org/docs/messages/no-img-element  @next/next/no-img-element
422:41  Warning: img elements must have an alt prop, either with meaningful text, or an empty string for decorative images.  jsx-a11y/alt-text
454:37  Warning: Using `<img>` could result in slower LCP and higher bandwidth. Consider using `<Image />` from `next/image` to automatically optimize images. This may incur additional usage or cost from your provider. See: https://nextjs.org/docs/messages/no-img-element  @next/next/no-img-element
454:37  Warning: img elements must have an alt prop, either with meaningful text, or an empty string for decorative images.  jsx-a11y/alt-text
461:41  Warning: Using `<img>` could result in slower LCP and higher bandwidth. Consider using `<Image />` from `next/image` to automatically optimize images. This may incur additional usage or cost from your provider. See: https://nextjs.org/docs/messages/no-img-element  @next/next/no-img-element
461:41  Warning: img elements must have an alt prop, either with meaningful text, or an empty string for decorative images.  jsx-a11y/alt-text
846:36  Warning: Using `<img>` could result in slower LCP and higher bandwidth. Consider using `<Image />` from `next/image` to automatically optimize images. This may incur additional usage or cost from your provider. See: https://nextjs.org/docs/messages/no-img-element  @next/next/no-img-element
846:36  Warning: img elements must have an alt prop, either with meaningful text, or an empty string for decorative images.  jsx-a11y/alt-text
898:21  Warning: Using `<img>` could result in slower LCP and higher bandwidth. Consider using `<Image />` from `next/image` to automatically optimize images. This may incur additional usage or cost from your provider. See: https://nextjs.org/docs/messages/no-img-element  @next/next/no-img-element
898:21  Warning: img elements must have an alt prop, either with meaningful text, or an empty string for decorative images.  jsx-a11y/alt-text
1012:45  Warning: Using `<img>` could result in slower LCP and higher bandwidth. Consider using `<Image />` from `next/image` to automatically optimize images. This may incur additional usage or cost from your provider. See: https://nextjs.org/docs/messages/no-img-element  @next/next/no-img-element
1012:45  Warning: img elements must have an alt prop, either with meaningful text, or an empty string for decorative images.  jsx-a11y/alt-text

./app/checkout/page.tsx
244:17  Warning: Using `<img>` could result in slower LCP and higher bandwidth. Consider using `<Image />` from `next/image` to automatically optimize images. This may incur additional usage or cost from your provider. See: https://nextjs.org/docs/messages/no-img-element  @next/next/no-img-element

./app/kiosk/page.tsx
84:29  Warning: Using `<img>` could result in slower LCP and higher bandwidth. Consider using `<Image />` from `next/image` to automatically optimize images. This may incur additional usage or cost from your provider. See: https://nextjs.org/docs/messages/no-img-element  @next/next/no-img-element
84:29  Warning: img elements must have an alt prop, either with meaningful text, or an empty string for decorative images.  jsx-a11y/alt-text

./app/menu/page.tsx
285:35  Warning: Using `<img>` could result in slower LCP and higher bandwidth. Consider using `<Image />` from `next/image` to automatically optimize images. This may incur additional usage or cost from your provider. See: https://nextjs.org/docs/messages/no-img-element  @next/next/no-img-element

info  - Need to disable some ESLint rules? Learn more here: https://nextjs.org/docs/basic-features/eslint#disabling-rules
   Collecting page data ...
   Generating static pages (0/25) ...

   Generating static pages (6/25) 
node.exe : ex 
[Error]: Dynamic 
server usage: Page 
couldn't be rendered 
statically because it 
used `nextUrl.searchPa
rams`. See more info 
here: https://nextjs.o
rg/docs/messages/dynam
ic-server-error
At line:1 char:1
+ & "C:\Program Files\
nodejs/node.exe" 
"C:\Program 
Files\nodejs/node_mo 
...
+ ~~~~~~~~~~~~~~~~~~~~
~~~~~~~~~~~~~~~~~~~~~~
~~~~~~~~~~~~~~~~~~~~~~
~~~~~
    + CategoryInfo    
          : NotSpeci  
  fied: (ex [Error]   
 : Dyn...ic-server    
-error:String) []    
, RemoteException
    + FullyQualifiedE 
   rrorId : NativeCo  
  mmandError
 
    at Object.eP [as s
taticGenerationBailout
] (D:\Hobby Project\no
de_modules\next\dist\c
ompiled\next-server\ap
p-route.runtime.prod.j
s:14:27402)
    at n (D:\Hobby Pro
ject\node_modules\next
\dist\compiled\next-se
rver\app-route.runtime
.prod.js:14:31301)
    at Object.get 
(D:\Hobby Project\node
_modules\next\dist\com
piled\next-server\app-
route.runtime.prod.js:
14:31948)
    at GET (D:\Hobby P
roject\.next\server\ap
p\api\vietqr\route.js:
1:689)
    at D:\Hobby Projec
t\node_modules\next\di
st\compiled\next-serve
r\app-route.runtime.pr
od.js:14:39529
    at D:\Hobby Projec
t\node_modules\next\di
st\server\lib\trace\tr
acer.js:121:36
    at NoopContextMana
ger.with (D:\Hobby Pro
ject\node_modules\next
\dist\compiled\@opente
lemetry\api\index.js:1
:7057)
    at 
ContextAPI.with 
(D:\Hobby Project\node
_modules\next\dist\com
piled\@opentelemetry\a
pi\index.js:1:516)
    at NoopTracer.star
tActiveSpan (D:\Hobby 
Project\node_modules\n
ext\dist\compiled\@ope
ntelemetry\api\index.j
s:1:18086)
    at ProxyTracer.sta
rtActiveSpan 
(D:\Hobby Project\node
_modules\next\dist\com
piled\@opentelemetry\a
pi\index.js:1:18847) {
  digest: 
'DYNAMIC_SERVER_USAGE'
}

   Generating static pages (12/25) 

   Generating static pages (18/25) 

 Γ£ô Generating static pages (25/25) 
   Finalizing page optimization ...
   Collecting build traces ...

Route (app)                              Size     First Load JS
Γöî Γùï /                                    14.4 kB         102 kB
Γö£ Γùï /_not-found                          875 B          88.5 kB
Γö£ Γùï /admin                               11 kB          98.7 kB
Γö£ ╬╗ /api/admin/login                     0 B                0 B
Γö£ ╬╗ /api/analytics                       0 B                0 B
Γö£ ╬╗ /api/assign                          0 B                0 B
Γö£ ╬╗ /api/categories                      0 B                0 B
Γö£ ╬╗ /api/ingredients                     0 B                0 B
Γö£ ╬╗ /api/migrate                         0 B                0 B
Γö£ ╬╗ /api/options                         0 B                0 B
Γö£ ╬╗ /api/orders                          0 B                0 B
Γö£ ╬╗ /api/products                        0 B                0 B
Γö£ ╬╗ /api/qr                              0 B                0 B
Γö£ ╬╗ /api/settings                        0 B                0 B
Γö£ ╬╗ /api/survey                          0 B                0 B
Γö£ ╬╗ /api/upload                          0 B                0 B
Γö£ ╬╗ /api/vietqr                          0 B                0 B
Γö£ Γùï /checkout                            3.42 kB        91.1 kB
Γö£ Γùï /kiosk                               2.3 kB         89.9 kB
Γö£ Γùï /kitchen                             2.97 kB        90.6 kB
Γö£ Γùï /login                               1.44 kB        89.1 kB
Γö£ Γùï /menu                                3.6 kB         91.2 kB
Γöö Γùï /orders                              1.27 kB        88.9 kB
+ First Load JS shared by all            87.6 kB
  Γö£ chunks/472-19968b8e5aaa98c5.js       32.4 kB
  Γö£ chunks/fd9d1056-4dbbcf07a05c3f48.js  53.3 kB
  Γö£ chunks/main-app-5355cc653ec5f40c.js  230 B
  Γöö chunks/webpack-62ee40ff481352d5.js   1.73 kB


Γùï  (Static)   prerendered as static HTML
╬╗  (Dynamic)  server-rendered on demand using Node.js

